WRITEOVER-07 v0.1.0-complete-campaign-candidate
[INFO][audio] winmm-procedural
TERMINAL_BACKEND=win32-writeconsole TERMINAL_DIMENSIONS=240x67 TERMINAL_QUALITY_PRESET=COMPATIBILITY TERMINAL_COLOR_CAPABILITY=ANSI16 TERMINAL_PROBE=legacy-conhost
TERMINAL_CAPABILITY_REASON=VT negotiation failed; using Win32 WriteConsole fallback VT_PROBE=FAILED_OR_UNAVAILABLE
SUBTITLE_TRACE frame=1 room=room_b1_revival text=Dr. Vale: Look at me, not the number. Steady? Find the service reader.
SUBTITLE_TRACE frame=230 room=room_b1_revival text=UNDER FIRE / Break sight. Find cover.
SUBTITLE_TRACE frame=428 room=room_b1_revival text=Target down. Search the body before moving on.
SUBTITLE_TRACE frame=608 room=room_b1_revival text=A weapon was issued. The record is less certain about you.
SUBTITLE_TRACE frame=852 room=room_b1_revival text=Cart latched. The corridor is quiet again.
SUBTITLE_TRACE frame=961 room=room_b1_revival text=TERMINAL: calibration route unlocked.
SUBTITLE_TRACE frame=1141 room=room_b1_revival text=You have changed what the corridor shows. Not what happened.
SUBTITLE_TRACE frame=1330 room=room_b1_revival text=ACCESS GRANTED. B1 service door unlocked.
SUBTITLE_TRACE frame=1471 room=room_01_calibration text=Checkpoint saved.
SUBTITLE_TRACE frame=1697 room=room_01_calibration text=CALIBRATION: route verified. Service access is open.
SUBTITLE_TRACE frame=1860 room=room_service_medical text=Intake note: Ask their name before checking their badge.
SUBTITLE_TRACE frame=2235 room=room_service_medical text=MEDICAL: intake recorded. Choose a service route.
SUBTITLE_TRACE frame=2246 room=room_service_medical text=MEDICAL: intake already recorded. Choose a service route.
SUBTITLE_TRACE frame=2250 room=room_service_medical text=Manual save recorded.
SUBTITLE_TRACE frame=2261 room=room_service_medical text=Loaded.
SUBTITLE_TRACE frame=2381 room=room_service_medical text=MEDICAL / Intake first. Explanations can wait.
SUBTITLE_TRACE frame=2550 room=room_restroom_staff text=STAFF / Please leave this passage as you found it.
SUBTITLE_TRACE frame=2850 room=room_restroom_staff text=You are using the staff passage. Please do not describe it as an exit.
SUBTITLE_TRACE frame=2896 room=room_elevator_lobby text=ELEVATOR / All departures remain on record.
SUBTITLE_TRACE frame=3091 room=room_elevator_lobby text=Chapter One complete. Departure recorded.
SUBTITLE_TRACE frame=3100 room=room_act2_service_concourse text=Checkpoint saved.
SUBTITLE_TRACE frame=3301 room=room_act2_service_concourse text=Dispatch files a route. Records and Utility disagree about how to make one.
SUBTITLE_TRACE frame=3397 room=room_act2_service_concourse text=Dispatch has three ways to describe your arrival. It has not chosen one.
SUBTITLE_TRACE frame=3577 room=room_act2_service_concourse text=Dispatch files a route. Records and Utility disagree about how to make one.
SUBTITLE_TRACE frame=3857 room=room_act2_records_archive text=RECORDS / A clean file is still a choice.
SUBTITLE_TRACE frame=3866 room=room_act2_records_archive text=ARCHIVE: manifest indexed. The next checkpoint can query this record.
SUBTITLE_TRACE frame=4021 room=room_act2_records_archive text=Operator: I can release the clean manifest. I cannot make it true.
SUBTITLE_TRACE frame=4382 room=room_act2_service_concourse text=ACT II-A / Transfer zone. The facility has more than one way to remember you.
SUBTITLE_TRACE frame=4607 room=room_act2_service_concourse text=
SUBTITLE_TRACE frame=4646 room=room_act2_service_concourse text=Dispatch files a route. Records and Utility disagree about how to make one.
SUBTITLE_TRACE frame=4911 room=room_act2_transit_control text=Transit Security: The manifest says you are expected. Keep it brief.
SUBTITLE_TRACE frame=4976 room=room_act2_transit_control text=TRANSIT: control handshake accepted. The next door is no longer theoretical.
SUBTITLE_TRACE frame=5156 room=room_act2_transit_control text=Transit Security: Route, credential, or reason.
SUBTITLE_TRACE frame=5350 room=room_act2_transit_control text=Act II-A checkpoint recorded. The facility has opened a deeper question.
SUBTITLE_TRACE frame=5360 room=room_1f_arrival_lobby text=Checkpoint saved.
SUBTITLE_TRACE frame=5430 room=room_8f_records_core text=Lift arrival recorded. Records Core
SUBTITLE_TRACE frame=5610 room=room_8f_records_core text=
SUBTITLE_TRACE frame=5895 room=room_12f_operations_control text=Lift arrival recorded. Operations Control
SUBTITLE_TRACE frame=6075 room=room_12f_operations_control text=
SUBTITLE_TRACE frame=6096 room=room_18f_network_node text=Lift arrival recorded. Network Node
SUBTITLE_TRACE frame=6275 room=room_18f_network_node text=
SUBTITLE_TRACE frame=6295 room=room_24f_security_transfer text=Lift arrival recorded. Security Transfer
SUBTITLE_TRACE frame=6475 room=room_24f_security_transfer text=
SUBTITLE_TRACE frame=6481 room=room_24f_security_transfer text=UNDER FIRE / Break sight. Find cover.
SUBTITLE_TRACE frame=6495 room=room_30f_executive_archive text=Lift arrival recorded. Executive Archive
SUBTITLE_TRACE frame=6676 room=room_30f_executive_archive text=
SUBTITLE_TRACE frame=6691 room=room_36f_authority_core text=Lift arrival recorded. Authority Core
SUBTITLE_TRACE frame=6775 room=room_36f_authority_core text=PRE-FINAL CHECKPOINT / The decision will be durable after you confirm it.
SUBTITLE_TRACE frame=6785 room=room_roof_exit text=Decision recorded: DISCLOSE. You are outside the authorization chain.
REPLAY_PROCESS_EXIT_OK=YES
REPLAY_INPUT_CONSUMED=YES KEYBOARD_EVENTS=267 MOUSE_EVENTS=23
REPLAY_EXPECTED_STATE_REACHED=YES
CHAPTER_CHECKPOINT_REACHED=NO
CAMPAIGN_COMPLETION_REACHED=YES
CAMPAIGN_END_SCREEN_READY=YES
REPLAY_RESULT=PASS
REPLAY_EXIT_CODE=0
REPLAY_ROUTE=room_b1_revival>room_01_calibration>room_service_medical>room_restroom_staff>room_elevator_lobby>room_act2_service_concourse>room_act2_records_archive>room_act2_service_concourse>room_act2_transit_control>room_1f_arrival_lobby>room_8f_records_core>room_1f_arrival_lobby>room_12f_operations_control>room_1f_arrival_lobby>room_18f_network_node>room_1f_arrival_lobby>room_24f_security_transfer>room_1f_arrival_lobby>room_30f_executive_archive>room_1f_arrival_lobby>room_36f_authority_core>room_roof_exit
CAMPAIGN_FACTS records=YES operations=YES operations_cooperated=YES network=YES force=NO transfer=YES guard_down=NO guard_bypassed=YES alerted=NO archive=YES authority=YES pre_final=YES completed=YES roof=YES amend=NO disclose=YES breach=NO
NPC_COUNT=16 FULL_NPC_COUNT=9 SEMI_NPC_COUNT=7 AUTONOMOUS_LOOPS=230 DISCOVERY_RESPONSES=1 SAVE_ATTEMPTED=YES SAVE_OK=YES LOAD_ATTEMPTED=YES LOAD_OK=YES EVENT_JOURNAL=56 SYSTEMIC_EVENTS=64 MEMORIES=15
SLICE_SHOT_HIT=YES NONLETHAL_HIT=YES BODY_CREATED=YES BODY_HIDDEN=YES BODY_DISCOVERED=YES ACCESS_ATTEMPTED=YES ACCESS_DENIED=NO GATE_OPEN=YES GATE_CROSSED=YES PLAYER_HEALTH=36 PLAYER_DEAD=NO
TRANSITION_DENIED=NO PLAYER_RESTARTED=NO NORMAL_QUIT_REQUESTED=NO FACT_R1_GUARD_DEAD=NO FACT_CHAPTER_SECURITY_CHECKPOINT=NO FACT_B1_CAMERA_DISABLED=NO FACT_CHAPTER_MEDICAL_ASSESSED=YES FACT_CHAPTER_QUIET_ROUTE=YES FACT_CHAPTER_AGGRESSIVE_ROUTE=NO FACT_CHAPTER_STAFF_ROUTE=YES FACILITY_ALERT_LEVEL=0 CAMERA_SURVEILLANCE_RESPONSE=NO_LOUD_ACTION GUARD_ATTACKS=8 BACKTRACK_MEDICAL=NO
BADGE_HELD_BY_PLAYER=YES
CLEANER_RELATIONSHIP=NO CLEANER_HELP_COVERUP=NO
NPC_RUNTIME id_2488473085217973507 room_16417277286269975506 state_1 pos_15.500_5.349 health_100
NPC_RUNTIME id_17478114847079800061 room_16417277286269975506 state_5 pos_19.500_5.500 health_1
TERMINAL_ATTEMPTED=YES TERMINAL_DENIED=NO CLEANER_RESPONSE=YES PLAYER_DIED=NO PLAYER_RECOVERED=NO PLAYER_RESTARTED=NO
NARRATOR_TYPOGRAPHY_ACTIVE=NO
NARRATIVE_VISIBLE_ACTION=YES
NARRATIVE_LAST_TEXT=Transit Security: Route, credential, or reason.
QUEST_PRESENTED_DURING_ROUTE=YES
QUEST_PRESENTATION_VISIBLE=YES OBJECTIVE=Campaign complete. You may stay, return or quit.
BODY_STATUS=UNCONSCIOUS BODY_STATE=disposition_0 drag_0 searched_YES BADGE_HOLDER=1 TERMINAL_SESSION=YES
BADGE_REVOKED=NO DURABLE_HISTORY_PRESERVED=NO
GUARD_LINE_OF_SIGHT_BLOCKED=NO ELEVATOR_ENTRY_ATTEMPTED=YES ELEVATOR_ENTRY_DENIED=NO
PLAYER_STATE=room_room_roof_exit pos_2.500_32.000_0.000
writeover_game exit=0
