WRITEOVER-07 v0.1.0-complete-campaign-candidate
[INFO][audio] winmm-procedural
TERMINAL_BACKEND=win32-writeconsole TERMINAL_DIMENSIONS=240x67 TERMINAL_QUALITY_PRESET=COMPATIBILITY TERMINAL_COLOR_CAPABILITY=ANSI16 TERMINAL_PROBE=legacy-conhost
TERMINAL_CAPABILITY_REASON=VT negotiation failed; using Win32 WriteConsole fallback VT_PROBE=FAILED_OR_UNAVAILABLE
SAVE_FINAL_COMMIT_FAILURE_STAGE=after_room
SAVE_FINAL_COMMIT_ROLLBACK=PASS
SUBTITLE_TRACE frame=1 room=room_b1_revival text=Load failed: injected final-commit fault.
REPLAY_PROCESS_EXIT_OK=YES
REPLAY_INPUT_CONSUMED=YES KEYBOARD_EVENTS=2 MOUSE_EVENTS=0
REPLAY_EXPECTED_STATE_REACHED=NO
CHAPTER_CHECKPOINT_REACHED=NO
CAMPAIGN_COMPLETION_REACHED=NO
CAMPAIGN_END_SCREEN_READY=NO
REPLAY_RESULT=FAIL
REPLAY_EXIT_CODE=0
REPLAY_ROUTE=room_b1_revival
CAMPAIGN_FACTS records=NO operations=NO operations_cooperated=NO network=NO force=NO transfer=NO guard_down=NO guard_bypassed=NO alerted=NO archive=NO authority=NO pre_final=NO completed=NO roof=NO amend=NO disclose=NO breach=NO
NPC_COUNT=16 FULL_NPC_COUNT=9 SEMI_NPC_COUNT=7 AUTONOMOUS_LOOPS=1 DISCOVERY_RESPONSES=0 SAVE_ATTEMPTED=NO SAVE_OK=NO LOAD_ATTEMPTED=YES LOAD_OK=NO EVENT_JOURNAL=2 SYSTEMIC_EVENTS=2 MEMORIES=1
SLICE_SHOT_HIT=NO NONLETHAL_HIT=NO BODY_CREATED=NO BODY_HIDDEN=NO BODY_DISCOVERED=NO ACCESS_ATTEMPTED=NO ACCESS_DENIED=NO GATE_OPEN=NO GATE_CROSSED=NO PLAYER_HEALTH=100 PLAYER_DEAD=NO
TRANSITION_DENIED=NO PLAYER_RESTARTED=NO NORMAL_QUIT_REQUESTED=NO FACT_R1_GUARD_DEAD=NO FACT_CHAPTER_SECURITY_CHECKPOINT=NO FACT_B1_CAMERA_DISABLED=NO FACT_CHAPTER_MEDICAL_ASSESSED=NO FACT_CHAPTER_QUIET_ROUTE=NO FACT_CHAPTER_AGGRESSIVE_ROUTE=NO FACT_CHAPTER_STAFF_ROUTE=NO FACILITY_ALERT_LEVEL=0 CAMERA_SURVEILLANCE_RESPONSE=NO_LOUD_ACTION GUARD_ATTACKS=0 BACKTRACK_MEDICAL=NO
BADGE_HELD_BY_PLAYER=NO
CLEANER_RELATIONSHIP=NO CLEANER_HELP_COVERUP=NO
NPC_RUNTIME id_2488473085217973507 room_16417277286269975506 state_1 pos_15.500_4.000 health_100
NPC_RUNTIME id_17478114847079800061 room_16417277286269975506 state_1 pos_19.500_5.500 health_100
TERMINAL_ATTEMPTED=NO TERMINAL_DENIED=NO CLEANER_RESPONSE=NO PLAYER_DIED=NO PLAYER_RECOVERED=NO PLAYER_RESTARTED=NO
NARRATOR_TYPOGRAPHY_ACTIVE=NO
NARRATIVE_VISIBLE_ACTION=NO
NARRATIVE_LAST_TEXT=
QUEST_PRESENTED_DURING_ROUTE=YES
QUEST_PRESENTATION_VISIBLE=YES OBJECTIVE=B1: Find a way through the service route
BADGE_REVOKED=NO DURABLE_HISTORY_PRESERVED=NO
GUARD_LINE_OF_SIGHT_BLOCKED=NO ELEVATOR_ENTRY_ATTEMPTED=NO ELEVATOR_ENTRY_DENIED=NO
PLAYER_STATE=room_room_b1_revival pos_2.500_15.500_-0.001
writeover_game exit=0
