WRITEOVER-07 v0.1.0-complete-campaign-candidate
[INFO][audio] winmm-procedural
TERMINAL_BACKEND=win32-writeconsole TERMINAL_DIMENSIONS=240x67 TERMINAL_QUALITY_PRESET=COMPATIBILITY TERMINAL_COLOR_CAPABILITY=ANSI16 TERMINAL_PROBE=legacy-conhost
TERMINAL_CAPABILITY_REASON=VT negotiation failed; using Win32 WriteConsole fallback VT_PROBE=FAILED_OR_UNAVAILABLE
SUBTITLE_TRACE frame=1 room=room_b1_revival text=Dr. Vale: Look at me, not the number. Steady? Find the service reader.
SUBTITLE_TRACE frame=229 room=room_b1_revival text=UNDER FIRE / Break sight. Find cover.
SUBTITLE_TRACE frame=560 room=room_b1_revival text=
SUBTITLE_TRACE frame=601 room=room_b1_revival text=You are cleared to leave the bed. The room is a separate authorization.
SUBTITLE_TRACE frame=649 room=room_b1_revival text=UNDER FIRE / Break sight. Find cover.
SUBTITLE_TRACE frame=1069 room=room_b1_revival text=YOU ARE DOWN. Pause offers recovery points or a fresh game.
REPLAY_PROCESS_EXIT_OK=YES
REPLAY_INPUT_CONSUMED=YES KEYBOARD_EVENTS=16 MOUSE_EVENTS=5
REPLAY_EXPECTED_STATE_REACHED=YES
CHAPTER_CHECKPOINT_REACHED=NO
CAMPAIGN_COMPLETION_REACHED=NO
CAMPAIGN_END_SCREEN_READY=NO
REPLAY_RESULT=PASS
REPLAY_EXIT_CODE=0
REPLAY_ROUTE=room_b1_revival
CAMPAIGN_FACTS records=NO operations=NO operations_cooperated=NO network=NO force=NO transfer=NO guard_down=NO guard_bypassed=NO alerted=NO archive=NO authority=NO pre_final=NO completed=NO roof=NO amend=NO disclose=NO breach=NO
NPC_COUNT=16 FULL_NPC_COUNT=9 SEMI_NPC_COUNT=7 AUTONOMOUS_LOOPS=106 DISCOVERY_RESPONSES=0 SAVE_ATTEMPTED=NO SAVE_OK=NO LOAD_ATTEMPTED=YES LOAD_OK=NO EVENT_JOURNAL=33 SYSTEMIC_EVENTS=33 MEMORIES=5
SLICE_SHOT_HIT=NO NONLETHAL_HIT=NO BODY_CREATED=NO BODY_HIDDEN=NO BODY_DISCOVERED=NO ACCESS_ATTEMPTED=NO ACCESS_DENIED=NO GATE_OPEN=NO GATE_CROSSED=NO PLAYER_HEALTH=100 PLAYER_DEAD=NO
TRANSITION_DENIED=NO PLAYER_RESTARTED=YES NORMAL_QUIT_REQUESTED=NO FACT_R1_GUARD_DEAD=NO FACT_CHAPTER_SECURITY_CHECKPOINT=NO FACT_B1_CAMERA_DISABLED=NO FACT_CHAPTER_MEDICAL_ASSESSED=NO FACT_CHAPTER_QUIET_ROUTE=NO FACT_CHAPTER_AGGRESSIVE_ROUTE=NO FACT_CHAPTER_STAFF_ROUTE=NO FACILITY_ALERT_LEVEL=0 CAMERA_SURVEILLANCE_RESPONSE=NO_LOUD_ACTION GUARD_ATTACKS=13 BACKTRACK_MEDICAL=NO
BADGE_HELD_BY_PLAYER=NO
CLEANER_RELATIONSHIP=YES CLEANER_HELP_COVERUP=NO
NPC_RUNTIME id_2488473085217973507 room_16417277286269975506 state_1 pos_15.500_5.400 health_100
NPC_RUNTIME id_17478114847079800061 room_16417277286269975506 state_1 pos_19.500_5.500 health_100
TERMINAL_ATTEMPTED=NO TERMINAL_DENIED=NO CLEANER_RESPONSE=NO PLAYER_DIED=YES PLAYER_RECOVERED=NO PLAYER_RESTARTED=YES
NARRATOR_TYPOGRAPHY_ACTIVE=NO
NARRATIVE_VISIBLE_ACTION=YES
NARRATIVE_LAST_TEXT=You are cleared to leave the bed. The room is a separate authorization.
QUEST_PRESENTED_DURING_ROUTE=YES
QUEST_PRESENTATION_VISIBLE=YES OBJECTIVE=B1: Find a way through the service route
BADGE_REVOKED=NO DURABLE_HISTORY_PRESERVED=YES
GUARD_LINE_OF_SIGHT_BLOCKED=NO ELEVATOR_ENTRY_ATTEMPTED=NO ELEVATOR_ENTRY_DENIED=NO
PLAYER_STATE=room_room_b1_revival pos_2.500_15.500_0.000
writeover_game exit=0
