WRITEOVER-07 v0.1.0-complete-campaign-candidate
[INFO][audio] winmm-procedural
TERMINAL_BACKEND=win32-writeconsole TERMINAL_DIMENSIONS=240x67 TERMINAL_QUALITY_PRESET=COMPATIBILITY TERMINAL_COLOR_CAPABILITY=ANSI16 TERMINAL_PROBE=legacy-conhost
TERMINAL_CAPABILITY_REASON=VT negotiation failed; using Win32 WriteConsole fallback VT_PROBE=FAILED_OR_UNAVAILABLE
SUBTITLE_TRACE frame=1 room=room_roof_exit text=Loaded.
REPLAY_PROCESS_EXIT_OK=YES
REPLAY_INPUT_CONSUMED=YES KEYBOARD_EVENTS=2 MOUSE_EVENTS=0
REPLAY_EXPECTED_STATE_REACHED=YES
CHAPTER_CHECKPOINT_REACHED=NO
CAMPAIGN_COMPLETION_REACHED=YES
CAMPAIGN_END_SCREEN_READY=YES
REPLAY_RESULT=PASS
REPLAY_EXIT_CODE=0
REPLAY_ROUTE=room_b1_revival>room_roof_exit
CAMPAIGN_FACTS records=YES operations=YES operations_cooperated=YES network=YES force=NO transfer=YES guard_down=NO guard_bypassed=YES alerted=NO archive=YES authority=YES pre_final=YES completed=YES roof=YES amend=NO disclose=YES breach=NO
NPC_COUNT=16 FULL_NPC_COUNT=9 SEMI_NPC_COUNT=7 AUTONOMOUS_LOOPS=1 DISCOVERY_RESPONSES=0 SAVE_ATTEMPTED=NO SAVE_OK=NO LOAD_ATTEMPTED=YES LOAD_OK=YES EVENT_JOURNAL=56 SYSTEMIC_EVENTS=64 MEMORIES=15
SLICE_SHOT_HIT=NO NONLETHAL_HIT=NO BODY_CREATED=YES BODY_HIDDEN=YES BODY_DISCOVERED=YES ACCESS_ATTEMPTED=NO ACCESS_DENIED=NO GATE_OPEN=YES GATE_CROSSED=YES PLAYER_HEALTH=36 PLAYER_DEAD=NO
TRANSITION_DENIED=NO PLAYER_RESTARTED=NO NORMAL_QUIT_REQUESTED=NO FACT_R1_GUARD_DEAD=NO FACT_CHAPTER_SECURITY_CHECKPOINT=NO FACT_B1_CAMERA_DISABLED=NO FACT_CHAPTER_MEDICAL_ASSESSED=YES FACT_CHAPTER_QUIET_ROUTE=YES FACT_CHAPTER_AGGRESSIVE_ROUTE=NO FACT_CHAPTER_STAFF_ROUTE=YES FACILITY_ALERT_LEVEL=0 CAMERA_SURVEILLANCE_RESPONSE=NO_LOUD_ACTION GUARD_ATTACKS=0 BACKTRACK_MEDICAL=NO
BADGE_HELD_BY_PLAYER=YES
CLEANER_RELATIONSHIP=NO CLEANER_HELP_COVERUP=NO
NPC_RUNTIME id_2488473085217973507 room_16417277286269975506 state_1 pos_15.500_5.349 health_100
NPC_RUNTIME id_17478114847079800061 room_16417277286269975506 state_5 pos_19.500_5.500 health_1
TERMINAL_ATTEMPTED=NO TERMINAL_DENIED=NO CLEANER_RESPONSE=YES PLAYER_DIED=NO PLAYER_RECOVERED=NO PLAYER_RESTARTED=NO
NARRATOR_TYPOGRAPHY_ACTIVE=NO
NARRATIVE_VISIBLE_ACTION=NO
NARRATIVE_LAST_TEXT=
QUEST_PRESENTED_DURING_ROUTE=NO
QUEST_PRESENTATION_VISIBLE=YES OBJECTIVE=Campaign complete. You may stay, return or quit.
BODY_STATUS=UNCONSCIOUS BODY_STATE=disposition_0 drag_0 searched_YES BADGE_HOLDER=1 TERMINAL_SESSION=YES
BADGE_REVOKED=NO DURABLE_HISTORY_PRESERVED=NO
GUARD_LINE_OF_SIGHT_BLOCKED=NO ELEVATOR_ENTRY_ATTEMPTED=NO ELEVATOR_ENTRY_DENIED=NO
PLAYER_STATE=room_room_roof_exit pos_2.500_5.000_0.000
writeover_game exit=0
