FACING_MAP kind=0 distance=1.8 yaw=3.1416 viewer=(1.5,8.5) actor=(3.3,8.5) selected=Front exact_asset=YES
FACING_MAP kind=0 distance=1.8 yaw=1.5708 viewer=(1.5,8.5) actor=(3.3,8.5) selected=SideRight exact_asset=YES
FACING_MAP kind=0 distance=1.8 yaw=-1.5708 viewer=(1.5,8.5) actor=(3.3,8.5) selected=SideLeft exact_asset=YES
FACING_MAP kind=0 distance=1.8 yaw=0.0000 viewer=(1.5,8.5) actor=(3.3,8.5) selected=Back exact_asset=YES
FACING_MAP kind=0 distance=5.0 yaw=3.1416 viewer=(1.5,8.5) actor=(6.5,8.5) selected=Front exact_asset=YES
FACING_MAP kind=0 distance=5.0 yaw=1.5708 viewer=(1.5,8.5) actor=(6.5,8.5) selected=SideRight exact_asset=YES
FACING_MAP kind=0 distance=5.0 yaw=-1.5708 viewer=(1.5,8.5) actor=(6.5,8.5) selected=SideLeft exact_asset=YES
FACING_MAP kind=0 distance=5.0 yaw=0.0000 viewer=(1.5,8.5) actor=(6.5,8.5) selected=Back exact_asset=YES
FACING_MAP kind=0 distance=13.0 yaw=3.1416 viewer=(1.5,8.5) actor=(14.5,8.5) selected=Front exact_asset=YES
FACING_MAP kind=0 distance=13.0 yaw=1.5708 viewer=(1.5,8.5) actor=(14.5,8.5) selected=SideRight exact_asset=YES
FACING_MAP kind=0 distance=13.0 yaw=-1.5708 viewer=(1.5,8.5) actor=(14.5,8.5) selected=SideLeft exact_asset=YES
FACING_MAP kind=0 distance=13.0 yaw=0.0000 viewer=(1.5,8.5) actor=(14.5,8.5) selected=Back exact_asset=YES
FACING_MAP kind=1 distance=1.8 yaw=3.1416 viewer=(1.5,8.5) actor=(3.3,8.5) selected=Front exact_asset=YES
FACING_MAP kind=1 distance=1.8 yaw=1.5708 viewer=(1.5,8.5) actor=(3.3,8.5) selected=SideRight exact_asset=YES
FACING_MAP kind=1 distance=1.8 yaw=-1.5708 viewer=(1.5,8.5) actor=(3.3,8.5) selected=SideLeft exact_asset=YES
FACING_MAP kind=1 distance=1.8 yaw=0.0000 viewer=(1.5,8.5) actor=(3.3,8.5) selected=Back exact_asset=YES
FACING_MAP kind=1 distance=5.0 yaw=3.1416 viewer=(1.5,8.5) actor=(6.5,8.5) selected=Front exact_asset=YES
FACING_MAP kind=1 distance=5.0 yaw=1.5708 viewer=(1.5,8.5) actor=(6.5,8.5) selected=SideRight exact_asset=YES
FACING_MAP kind=1 distance=5.0 yaw=-1.5708 viewer=(1.5,8.5) actor=(6.5,8.5) selected=SideLeft exact_asset=YES
FACING_MAP kind=1 distance=5.0 yaw=0.0000 viewer=(1.5,8.5) actor=(6.5,8.5) selected=Back exact_asset=YES
FACING_MAP kind=1 distance=13.0 yaw=3.1416 viewer=(1.5,8.5) actor=(14.5,8.5) selected=Front exact_asset=YES
FACING_MAP kind=1 distance=13.0 yaw=1.5708 viewer=(1.5,8.5) actor=(14.5,8.5) selected=SideRight exact_asset=YES
FACING_MAP kind=1 distance=13.0 yaw=-1.5708 viewer=(1.5,8.5) actor=(14.5,8.5) selected=SideLeft exact_asset=YES
FACING_MAP kind=1 distance=13.0 yaw=0.0000 viewer=(1.5,8.5) actor=(14.5,8.5) selected=Back exact_asset=YES
FACING_MAP kind=2 distance=1.8 yaw=3.1416 viewer=(1.5,8.5) actor=(3.3,8.5) selected=Front exact_asset=YES
FACING_MAP kind=2 distance=1.8 yaw=1.5708 viewer=(1.5,8.5) actor=(3.3,8.5) selected=SideRight exact_asset=YES
FACING_MAP kind=2 distance=1.8 yaw=-1.5708 viewer=(1.5,8.5) actor=(3.3,8.5) selected=SideLeft exact_asset=YES
FACING_MAP kind=2 distance=1.8 yaw=0.0000 viewer=(1.5,8.5) actor=(3.3,8.5) selected=Back exact_asset=YES
FACING_MAP kind=2 distance=5.0 yaw=3.1416 viewer=(1.5,8.5) actor=(6.5,8.5) selected=Front exact_asset=YES
FACING_MAP kind=2 distance=5.0 yaw=1.5708 viewer=(1.5,8.5) actor=(6.5,8.5) selected=SideRight exact_asset=YES
FACING_MAP kind=2 distance=5.0 yaw=-1.5708 viewer=(1.5,8.5) actor=(6.5,8.5) selected=SideLeft exact_asset=YES
FACING_MAP kind=2 distance=5.0 yaw=0.0000 viewer=(1.5,8.5) actor=(6.5,8.5) selected=Back exact_asset=YES
FACING_MAP kind=2 distance=13.0 yaw=3.1416 viewer=(1.5,8.5) actor=(14.5,8.5) selected=Front exact_asset=YES
FACING_MAP kind=2 distance=13.0 yaw=1.5708 viewer=(1.5,8.5) actor=(14.5,8.5) selected=SideRight exact_asset=YES
FACING_MAP kind=2 distance=13.0 yaw=-1.5708 viewer=(1.5,8.5) actor=(14.5,8.5) selected=SideLeft exact_asset=YES
FACING_MAP kind=2 distance=13.0 yaw=0.0000 viewer=(1.5,8.5) actor=(14.5,8.5) selected=Back exact_asset=YES
FACING_MAPPING_COUNT=36 EXACT_ASSET_COUNT=36
ART_REVIEW_FIXTURES=RENDERED FOREGROUND_ACCEPTANCE=NOT_CLAIMED
