WRITEOVER-07 v0.1.0-complete-campaign-candidate
[INFO][audio] winmm-procedural
TERMINAL_BACKEND=win32-writeconsole TERMINAL_DIMENSIONS=240x67 TERMINAL_QUALITY_PRESET=COMPATIBILITY TERMINAL_COLOR_CAPABILITY=ANSI16 TERMINAL_PROBE=legacy-conhost
TERMINAL_CAPABILITY_REASON=VT negotiation failed; using Win32 WriteConsole fallback VT_PROBE=FAILED_OR_UNAVAILABLE
SUBTITLE_TRACE frame=1 room=room_b1_revival text=Dr. Vale: Look at me, not the number. Steady? Find the service reader.
SUBTITLE_TRACE frame=230 room=room_b1_revival text=UNDER FIRE / Break sight. Find cover.
SUBTITLE_TRACE frame=565 room=room_b1_revival text=Target dead. The scene is now evidence.
SUBTITLE_TRACE frame=745 room=room_b1_revival text=That will need an explanation. You need not stay to provide it.
SUBTITLE_TRACE frame=772 room=room_b1_revival text=Search complete. Badge taken.
SUBTITLE_TRACE frame=862 room=room_b1_revival text=ACCESS GRANTED. B1 service door unlocked.
SUBTITLE_TRACE frame=957 room=room_b1_revival text=B1 service door is open. Move through the reader.
SUBTITLE_TRACE frame=1000 room=room_01_calibration text=Checkpoint saved.
SUBTITLE_TRACE frame=1236 room=room_01_calibration text=CALIBRATION: route verified. Service access is open.
SUBTITLE_TRACE frame=1380 room=room_service_medical text=Intake note: Ask their name before checking their badge.
SUBTITLE_TRACE frame=1671 room=room_service_medical text=MEDICAL: intake recorded. Choose a service route.
SUBTITLE_TRACE frame=1681 room=room_service_medical text=MEDICAL: intake already recorded. Choose a service route.
SUBTITLE_TRACE frame=1840 room=room_service_medical text=
SUBTITLE_TRACE frame=1960 room=room_1f_security text=Security: B1 camera report. We were told to expect a disturbance.
SUBTITLE_TRACE frame=2260 room=room_1f_security text=
SUBTITLE_TRACE frame=2269 room=room_1f_security text=UNDER FIRE / Break sight. Find cover.
SUBTITLE_TRACE frame=2419 room=room_1f_security text=
SUBTITLE_TRACE frame=2420 room=room_1f_security text=Target down. Search the body before moving on.
SUBTITLE_TRACE frame=2600 room=room_elevator_lobby text=ELEVATOR / All departures remain on record.
SUBTITLE_TRACE frame=2785 room=room_elevator_lobby text=Chapter One complete. Departure recorded.
SUBTITLE_TRACE frame=3145 room=room_elevator_lobby text=Departure recorded. I have not marked you resolved.
REPLAY_PROCESS_EXIT_OK=YES
REPLAY_INPUT_CONSUMED=YES KEYBOARD_EVENTS=103 MOUSE_EVENTS=6
REPLAY_EXPECTED_STATE_REACHED=YES
CHAPTER_CHECKPOINT_REACHED=YES
CAMPAIGN_COMPLETION_REACHED=NO
CAMPAIGN_END_SCREEN_READY=NO
REPLAY_RESULT=PASS
REPLAY_EXIT_CODE=0
REPLAY_ROUTE=room_b1_revival>room_01_calibration>room_service_medical>room_1f_security>room_elevator_lobby
CAMPAIGN_FACTS records=NO operations=NO operations_cooperated=NO network=NO force=NO transfer=NO guard_down=NO guard_bypassed=NO alerted=NO archive=NO authority=NO pre_final=NO completed=NO roof=NO amend=NO disclose=NO breach=NO
NPC_COUNT=16 FULL_NPC_COUNT=9 SEMI_NPC_COUNT=7 AUTONOMOUS_LOOPS=94 DISCOVERY_RESPONSES=0 SAVE_ATTEMPTED=YES SAVE_OK=YES LOAD_ATTEMPTED=YES LOAD_OK=YES EVENT_JOURNAL=58 SYSTEMIC_EVENTS=70 MEMORIES=6
SLICE_SHOT_HIT=YES NONLETHAL_HIT=YES BODY_CREATED=YES BODY_HIDDEN=NO BODY_DISCOVERED=NO ACCESS_ATTEMPTED=YES ACCESS_DENIED=NO GATE_OPEN=YES GATE_CROSSED=YES PLAYER_HEALTH=36 PLAYER_DEAD=NO
TRANSITION_DENIED=NO PLAYER_RESTARTED=NO NORMAL_QUIT_REQUESTED=NO FACT_R1_GUARD_DEAD=YES FACT_CHAPTER_SECURITY_CHECKPOINT=YES FACT_B1_CAMERA_DISABLED=NO FACT_CHAPTER_MEDICAL_ASSESSED=YES FACT_CHAPTER_QUIET_ROUTE=NO FACT_CHAPTER_AGGRESSIVE_ROUTE=YES FACT_CHAPTER_STAFF_ROUTE=NO FACILITY_ALERT_LEVEL=1 CAMERA_SURVEILLANCE_RESPONSE=SECURITY_ALERT GUARD_ATTACKS=8 BACKTRACK_MEDICAL=NO
BADGE_HELD_BY_PLAYER=YES
CLEANER_RELATIONSHIP=NO CLEANER_HELP_COVERUP=NO
NPC_RUNTIME id_2488473085217973507 room_16417277286269975506 state_3 pos_16.500_7.453 health_100
NPC_RUNTIME id_17478114847079800061 room_16417277286269975506 state_7 pos_19.500_5.500 health_0
TERMINAL_ATTEMPTED=NO TERMINAL_DENIED=NO CLEANER_RESPONSE=NO PLAYER_DIED=NO PLAYER_RECOVERED=NO PLAYER_RESTARTED=NO
NARRATOR_TYPOGRAPHY_ACTIVE=NO
NARRATIVE_VISIBLE_ACTION=YES
NARRATIVE_LAST_TEXT=Departure recorded. I have not marked you resolved.
QUEST_PRESENTED_DURING_ROUTE=YES
QUEST_PRESENTATION_VISIBLE=YES OBJECTIVE=Act II-A: use the transfer control
BODY_STATUS=DEAD BODY_STATE=disposition_0 drag_0 searched_YES BADGE_HOLDER=1 TERMINAL_SESSION=NO
BADGE_REVOKED=NO DURABLE_HISTORY_PRESERVED=NO
GUARD_LINE_OF_SIGHT_BLOCKED=NO ELEVATOR_ENTRY_ATTEMPTED=YES ELEVATOR_ENTRY_DENIED=NO
PLAYER_STATE=room_room_elevator_lobby pos_9.260_5.547_0.000
writeover_game exit=0
