适用于 .NET Framework MSBuild 版本 17.14.40+3e7442088

  writeover_common.vcxproj -> D:\AAAbiancheng\00_Projects\40_Coursework\2026_CPP_Immersive_ASCII_FPS\out\build\debug\Debug\writeover_common.lib
  writeover_world.vcxproj -> D:\AAAbiancheng\00_Projects\40_Coursework\2026_CPP_Immersive_ASCII_FPS\out\build\debug\Debug\writeover_world.lib
  mapc.vcxproj -> D:\AAAbiancheng\00_Projects\40_Coursework\2026_CPP_Immersive_ASCII_FPS\out\build\debug\Debug\mapc.exe
  writeover_player.vcxproj -> D:\AAAbiancheng\00_Projects\40_Coursework\2026_CPP_Immersive_ASCII_FPS\out\build\debug\Debug\writeover_player.lib
  writeover_systemic.vcxproj -> D:\AAAbiancheng\00_Projects\40_Coursework\2026_CPP_Immersive_ASCII_FPS\out\build\debug\Debug\writeover_systemic.lib
  writeover_ai.vcxproj -> D:\AAAbiancheng\00_Projects\40_Coursework\2026_CPP_Immersive_ASCII_FPS\out\build\debug\Debug\writeover_ai.lib
  engine.cpp
  writeover_core.vcxproj -> D:\AAAbiancheng\00_Projects\40_Coursework\2026_CPP_Immersive_ASCII_FPS\out\build\debug\Debug\writeover_core.lib
  writeover_narrative.vcxproj -> D:\AAAbiancheng\00_Projects\40_Coursework\2026_CPP_Immersive_ASCII_FPS\out\build\debug\Debug\writeover_narrative.lib
  character_renderer.cpp
  frame_encoder.cpp
  utf.cpp
  正在生成代码...
  writeover_render.vcxproj -> D:\AAAbiancheng\00_Projects\40_Coursework\2026_CPP_Immersive_ASCII_FPS\out\build\debug\Debug\writeover_render.lib
  writeover_platform.vcxproj -> D:\AAAbiancheng\00_Projects\40_Coursework\2026_CPP_Immersive_ASCII_FPS\out\build\debug\Debug\writeover_platform.lib
  composition_root.cpp
  writeover_app.vcxproj -> D:\AAAbiancheng\00_Projects\40_Coursework\2026_CPP_Immersive_ASCII_FPS\out\build\debug\Debug\writeover_app.exe
  writeover_art_review.vcxproj -> D:\AAAbiancheng\00_Projects\40_Coursework\2026_CPP_Immersive_ASCII_FPS\out\build\debug\Debug\writeover_art_review.exe
  writeover_bench.vcxproj -> D:\AAAbiancheng\00_Projects\40_Coursework\2026_CPP_Immersive_ASCII_FPS\out\build\debug\Debug\writeover_bench.exe
  writeover_input_probe.vcxproj -> D:\AAAbiancheng\00_Projects\40_Coursework\2026_CPP_Immersive_ASCII_FPS\out\build\debug\Debug\writeover_input_probe.exe
  writeover_public_header_check.vcxproj -> D:\AAAbiancheng\00_Projects\40_Coursework\2026_CPP_Immersive_ASCII_FPS\out\build\debug\Debug\writeover_public_header_check.exe
  test_campaign.cpp
  test_core.cpp
  test_product.cpp
  test_render.cpp
  正在生成代码...
  writeover_tests.vcxproj -> D:\AAAbiancheng\00_Projects\40_Coursework\2026_CPP_Immersive_ASCII_FPS\out\build\debug\Debug\writeover_tests.exe
