WRITEOVER-07 v0.1.0-complete-campaign-candidate
[INFO][audio] winmm-procedural
TERMINAL_BACKEND=win32-writeconsole TERMINAL_DIMENSIONS=240x67 TERMINAL_QUALITY_PRESET=COMPATIBILITY TERMINAL_COLOR_CAPABILITY=ANSI16 TERMINAL_PROBE=legacy-conhost
TERMINAL_CAPABILITY_REASON=VT negotiation failed; using Win32 WriteConsole fallback VT_PROBE=FAILED_OR_UNAVAILABLE
SUBTITLE_TRACE frame=1 room=room_b1_revival text=Dr. Vale: Look at me, not the number. Steady? Find the service reader.
SUBTITLE_TRACE frame=229 room=room_b1_revival text=UNDER FIRE / Break sight. Find cover.
SUBTITLE_TRACE frame=427 room=room_b1_revival text=Target down. Search the body before moving on.
SUBTITLE_TRACE frame=607 room=room_b1_revival text=A weapon was issued. The record is less certain about you.
SUBTITLE_TRACE frame=852 room=room_b1_revival text=Cart latched. The corridor is quiet again.
SUBTITLE_TRACE frame=962 room=room_b1_revival text=TERMINAL: calibration route unlocked.
SUBTITLE_TRACE frame=1141 room=room_b1_revival text=You have changed what the corridor shows. Not what happened.
SUBTITLE_TRACE frame=1331 room=room_b1_revival text=ACCESS GRANTED. B1 service door unlocked.
SUBTITLE_TRACE frame=1470 room=room_01_calibration text=Checkpoint saved.
SUBTITLE_TRACE frame=1551 room=room_01_calibration text=Manual save recorded.
SUBTITLE_TRACE frame=1700 room=room_01_calibration text=Loaded.
SUBTITLE_TRACE frame=1820 room=room_01_calibration text=CALIBRATION / Route verification. One operator at a time.
SUBTITLE_TRACE frame=2001 room=room_01_calibration text=B1 has released you. Calibration will want its own answer.
REPLAY_PROCESS_EXIT_OK=YES
REPLAY_INPUT_CONSUMED=YES KEYBOARD_EVENTS=40 MOUSE_EVENTS=11
REPLAY_EXPECTED_STATE_REACHED=YES
CHAPTER_CHECKPOINT_REACHED=NO
CAMPAIGN_COMPLETION_REACHED=NO
CAMPAIGN_END_SCREEN_READY=NO
REPLAY_RESULT=PASS
REPLAY_EXIT_CODE=0
REPLAY_ROUTE=room_b1_revival>room_01_calibration
CAMPAIGN_FACTS records=NO operations=NO operations_cooperated=NO network=NO force=NO transfer=NO guard_down=NO guard_bypassed=NO alerted=NO archive=NO authority=NO pre_final=NO completed=NO roof=NO amend=NO disclose=NO breach=NO
NPC_COUNT=16 FULL_NPC_COUNT=9 SEMI_NPC_COUNT=7 AUTONOMOUS_LOOPS=89 DISCOVERY_RESPONSES=1 SAVE_ATTEMPTED=YES SAVE_OK=YES LOAD_ATTEMPTED=YES LOAD_OK=YES EVENT_JOURNAL=33 SYSTEMIC_EVENTS=41 MEMORIES=7
SLICE_SHOT_HIT=YES NONLETHAL_HIT=YES BODY_CREATED=YES BODY_HIDDEN=YES BODY_DISCOVERED=YES ACCESS_ATTEMPTED=YES ACCESS_DENIED=NO GATE_OPEN=YES GATE_CROSSED=YES PLAYER_HEALTH=68 PLAYER_DEAD=NO
TRANSITION_DENIED=NO PLAYER_RESTARTED=NO NORMAL_QUIT_REQUESTED=NO FACT_R1_GUARD_DEAD=NO FACT_CHAPTER_SECURITY_CHECKPOINT=NO FACT_B1_CAMERA_DISABLED=NO FACT_CHAPTER_MEDICAL_ASSESSED=NO FACT_CHAPTER_QUIET_ROUTE=NO FACT_CHAPTER_AGGRESSIVE_ROUTE=YES FACT_CHAPTER_STAFF_ROUTE=NO FACILITY_ALERT_LEVEL=1 CAMERA_SURVEILLANCE_RESPONSE=SECURITY_ALERT GUARD_ATTACKS=4 BACKTRACK_MEDICAL=NO
BADGE_HELD_BY_PLAYER=YES
CLEANER_RELATIONSHIP=NO CLEANER_HELP_COVERUP=NO
NPC_RUNTIME id_2488473085217973507 room_16417277286269975506 state_1 pos_15.500_5.244 health_100
NPC_RUNTIME id_17478114847079800061 room_16417277286269975506 state_5 pos_19.500_5.500 health_1
TERMINAL_ATTEMPTED=YES TERMINAL_DENIED=NO CLEANER_RESPONSE=YES PLAYER_DIED=NO PLAYER_RECOVERED=NO PLAYER_RESTARTED=NO
NARRATOR_TYPOGRAPHY_ACTIVE=NO
NARRATIVE_VISIBLE_ACTION=YES
NARRATIVE_LAST_TEXT=B1 has released you. Calibration will want its own answer.
QUEST_PRESENTED_DURING_ROUTE=YES
QUEST_PRESENTATION_VISIBLE=YES OBJECTIVE=Calibration: use the route terminal
BODY_STATUS=UNCONSCIOUS BODY_STATE=disposition_0 drag_0 searched_YES BADGE_HOLDER=1 TERMINAL_SESSION=YES
BADGE_REVOKED=NO DURABLE_HISTORY_PRESERVED=NO
GUARD_LINE_OF_SIGHT_BLOCKED=NO ELEVATOR_ENTRY_ATTEMPTED=NO ELEVATOR_ENTRY_DENIED=NO
PLAYER_STATE=room_room_01_calibration pos_1.500_9.500_0.000
writeover_game exit=0
