WRITEOVER-07 v0.1.0-complete-campaign-candidate
[INFO][audio] winmm-procedural
TERMINAL_BACKEND=win32-writeconsole TERMINAL_DIMENSIONS=240x67 TERMINAL_QUALITY_PRESET=COMPATIBILITY TERMINAL_COLOR_CAPABILITY=ANSI16 TERMINAL_PROBE=legacy-conhost
TERMINAL_CAPABILITY_REASON=VT negotiation failed; using Win32 WriteConsole fallback VT_PROBE=FAILED_OR_UNAVAILABLE
SUBTITLE_TRACE frame=1 room=room_b1_revival text=Dr. Vale: Look at me, not the number. Steady? Find the service reader.
SUBTITLE_TRACE frame=229 room=room_b1_revival text=UNDER FIRE / Break sight. Find cover.
SUBTITLE_TRACE frame=565 room=room_b1_revival text=Target dead. The scene is now evidence.
SUBTITLE_TRACE frame=745 room=room_b1_revival text=That will need an explanation. You need not stay to provide it.
SUBTITLE_TRACE frame=772 room=room_b1_revival text=Search complete. Badge taken.
SUBTITLE_TRACE frame=775 room=room_b1_revival text=Body secured. Drag to the cleaning cart.
SUBTITLE_TRACE frame=926 room=room_b1_revival text=That will need an explanation. You need not stay to provide it.
SUBTITLE_TRACE frame=1201 room=room_b1_revival text=Cart latched. The corridor is quiet again.
SUBTITLE_TRACE frame=1382 room=room_b1_revival text=You have changed what the corridor shows. Not what happened.
REPLAY_PROCESS_EXIT_OK=YES
REPLAY_INPUT_CONSUMED=YES KEYBOARD_EVENTS=42 MOUSE_EVENTS=4
REPLAY_EXPECTED_STATE_REACHED=YES
CHAPTER_CHECKPOINT_REACHED=NO
CAMPAIGN_COMPLETION_REACHED=NO
CAMPAIGN_END_SCREEN_READY=NO
REPLAY_RESULT=PASS
REPLAY_EXIT_CODE=0
REPLAY_ROUTE=room_b1_revival
CAMPAIGN_FACTS records=NO operations=NO operations_cooperated=NO network=NO force=NO transfer=NO guard_down=NO guard_bypassed=NO alerted=NO archive=NO authority=NO pre_final=NO completed=NO roof=NO amend=NO disclose=NO breach=NO
NPC_COUNT=16 FULL_NPC_COUNT=9 SEMI_NPC_COUNT=7 AUTONOMOUS_LOOPS=84 DISCOVERY_RESPONSES=0 SAVE_ATTEMPTED=NO SAVE_OK=NO LOAD_ATTEMPTED=NO LOAD_OK=NO EVENT_JOURNAL=51 SYSTEMIC_EVENTS=65 MEMORIES=5
SLICE_SHOT_HIT=YES NONLETHAL_HIT=NO BODY_CREATED=YES BODY_HIDDEN=YES BODY_DISCOVERED=NO ACCESS_ATTEMPTED=NO ACCESS_DENIED=NO GATE_OPEN=NO GATE_CROSSED=NO PLAYER_HEALTH=52 PLAYER_DEAD=NO
TRANSITION_DENIED=NO PLAYER_RESTARTED=NO NORMAL_QUIT_REQUESTED=NO FACT_R1_GUARD_DEAD=YES FACT_CHAPTER_SECURITY_CHECKPOINT=NO FACT_B1_CAMERA_DISABLED=NO FACT_CHAPTER_MEDICAL_ASSESSED=NO FACT_CHAPTER_QUIET_ROUTE=NO FACT_CHAPTER_AGGRESSIVE_ROUTE=NO FACT_CHAPTER_STAFF_ROUTE=NO FACILITY_ALERT_LEVEL=1 CAMERA_SURVEILLANCE_RESPONSE=SECURITY_ALERT GUARD_ATTACKS=6 BACKTRACK_MEDICAL=NO
BADGE_HELD_BY_PLAYER=YES
CLEANER_RELATIONSHIP=NO CLEANER_HELP_COVERUP=NO
NPC_RUNTIME id_2488473085217973507 room_16417277286269975506 state_1 pos_15.539_7.448 health_100
NPC_RUNTIME id_17478114847079800061 room_16417277286269975506 state_7 pos_19.500_5.500 health_0
TERMINAL_ATTEMPTED=NO TERMINAL_DENIED=NO CLEANER_RESPONSE=NO PLAYER_DIED=NO PLAYER_RECOVERED=NO PLAYER_RESTARTED=NO
NARRATOR_TYPOGRAPHY_ACTIVE=NO
NARRATIVE_VISIBLE_ACTION=YES
NARRATIVE_LAST_TEXT=You have changed what the corridor shows. Not what happened.
QUEST_PRESENTED_DURING_ROUTE=YES
QUEST_PRESENTATION_VISIBLE=YES OBJECTIVE=B1: Use the service reader
BODY_STATUS=DEAD BODY_STATE=disposition_1 drag_0 searched_YES BADGE_HOLDER=1 TERMINAL_SESSION=NO
BADGE_REVOKED=NO DURABLE_HISTORY_PRESERVED=NO
GUARD_LINE_OF_SIGHT_BLOCKED=NO ELEVATOR_ENTRY_ATTEMPTED=NO ELEVATOR_ENTRY_DENIED=NO
PLAYER_STATE=room_room_b1_revival pos_16.296_7.306_-0.001
writeover_game exit=0
