WRITEOVER-07 v0.1.0-complete-campaign-candidate
[INFO][audio] winmm-procedural
TERMINAL_BACKEND=win32-writeconsole TERMINAL_DIMENSIONS=240x67 TERMINAL_QUALITY_PRESET=COMPATIBILITY TERMINAL_COLOR_CAPABILITY=ANSI16 TERMINAL_PROBE=legacy-conhost
TERMINAL_CAPABILITY_REASON=VT negotiation failed; using Win32 WriteConsole fallback VT_PROBE=FAILED_OR_UNAVAILABLE
SUBTITLE_TRACE frame=0 room=room_b1_revival text=SYS/07: Revival complete. Release pending. Find the service route.
SUBTITLE_TRACE frame=2 room=room_b1_revival text=Dr. Vale: Look at me, not the number. Steady? Find the service reader.
SUBTITLE_TRACE frame=229 room=room_b1_revival text=UNDER FIRE / Break sight. Find cover.
SUBTITLE_TRACE frame=428 room=room_b1_revival text=Target down. Search the body before moving on.
SUBTITLE_TRACE frame=607 room=room_b1_revival text=A weapon was issued. The record is less certain about you.
SUBTITLE_TRACE frame=991 room=room_b1_revival text=ACCESS DENIED. The reader needs your held badge.
SUBTITLE_TRACE frame=1171 room=room_b1_revival text=The reader is not confused. It simply has a different account of you.
SUBTITLE_TRACE frame=1371 room=room_b1_revival text=B1: maintenance, camera loop, terminal, or checkpoint.
SUBTITLE_TRACE frame=1570 room=room_b1_revival text=The reader is not confused. It simply has a different account of you.
SUBTITLE_TRACE frame=1652 room=room_b1_revival text=You are cleared to leave the bed. The room is a separate authorization.
SUBTITLE_TRACE frame=2133 room=room_b1_revival text=
REPLAY_PROCESS_EXIT_OK=YES
REPLAY_INPUT_CONSUMED=YES KEYBOARD_EVENTS=28 MOUSE_EVENTS=7
REPLAY_EXPECTED_STATE_REACHED=YES
CHAPTER_CHECKPOINT_REACHED=NO
CAMPAIGN_COMPLETION_REACHED=NO
CAMPAIGN_END_SCREEN_READY=NO
REPLAY_RESULT=PASS
REPLAY_EXIT_CODE=0
REPLAY_ROUTE=room_b1_revival
CAMPAIGN_FACTS records=NO operations=NO operations_cooperated=NO network=NO force=NO transfer=NO guard_down=NO guard_bypassed=NO alerted=NO archive=NO authority=NO pre_final=NO completed=NO roof=NO amend=NO disclose=NO breach=NO
NPC_COUNT=16 FULL_NPC_COUNT=9 SEMI_NPC_COUNT=7 AUTONOMOUS_LOOPS=120 DISCOVERY_RESPONSES=0 SAVE_ATTEMPTED=NO SAVE_OK=NO LOAD_ATTEMPTED=NO LOAD_OK=NO EVENT_JOURNAL=34 SYSTEMIC_EVENTS=35 MEMORIES=5
SLICE_SHOT_HIT=YES NONLETHAL_HIT=YES BODY_CREATED=YES BODY_HIDDEN=NO BODY_DISCOVERED=NO ACCESS_ATTEMPTED=YES ACCESS_DENIED=YES GATE_OPEN=NO GATE_CROSSED=NO PLAYER_HEALTH=68 PLAYER_DEAD=NO
TRANSITION_DENIED=NO PLAYER_RESTARTED=NO NORMAL_QUIT_REQUESTED=NO FACT_R1_GUARD_DEAD=NO FACT_CHAPTER_SECURITY_CHECKPOINT=NO FACT_B1_CAMERA_DISABLED=NO FACT_CHAPTER_MEDICAL_ASSESSED=NO FACT_CHAPTER_QUIET_ROUTE=NO FACT_CHAPTER_AGGRESSIVE_ROUTE=NO FACT_CHAPTER_STAFF_ROUTE=NO FACILITY_ALERT_LEVEL=0 CAMERA_SURVEILLANCE_RESPONSE=NO_LOUD_ACTION GUARD_ATTACKS=4 BACKTRACK_MEDICAL=NO
BADGE_HELD_BY_PLAYER=NO
CLEANER_RELATIONSHIP=NO CLEANER_HELP_COVERUP=NO
NPC_RUNTIME id_2488473085217973507 room_16417277286269975506 state_1 pos_15.500_4.589 health_100
NPC_RUNTIME id_17478114847079800061 room_16417277286269975506 state_5 pos_19.500_5.500 health_1
TERMINAL_ATTEMPTED=NO TERMINAL_DENIED=NO CLEANER_RESPONSE=NO PLAYER_DIED=NO PLAYER_RECOVERED=NO PLAYER_RESTARTED=NO
NARRATOR_TYPOGRAPHY_ACTIVE=NO
NARRATIVE_VISIBLE_ACTION=YES
NARRATIVE_LAST_TEXT=You are cleared to leave the bed. The room is a separate authorization.
QUEST_PRESENTED_DURING_ROUTE=YES
QUEST_PRESENTATION_VISIBLE=YES OBJECTIVE=B1: Search the downed guard
BODY_STATUS=UNCONSCIOUS BODY_STATE=disposition_0 drag_0 searched_NO BADGE_HOLDER=9002 TERMINAL_SESSION=NO
BADGE_REVOKED=NO DURABLE_HISTORY_PRESERVED=NO
GUARD_LINE_OF_SIGHT_BLOCKED=NO ELEVATOR_ENTRY_ATTEMPTED=NO ELEVATOR_ENTRY_DENIED=NO
PLAYER_STATE=room_room_b1_revival pos_20.647_11.834_-0.001
writeover_game exit=0
